// Jest Snapshot v1, https://goo.gl/fbAQLP

exports[`src/components/Logo should render correctly 1`] = `
<img
  alt="Logo"
  src="/static/logo.png"
/>
`;
