// Jest Snapshot v1, https://goo.gl/fbAQLP

exports[`src/components/Page should render correctly 1`] = `
<div>
  <HelmetWrapper
    defer={true}
    encodeSpecialCharacters={true}
  >
    <title />
  </HelmetWrapper>
</div>
`;
